// Vitest Snapshot v1, https://vitest.dev/guide/snapshot.html

exports[`PM vs CM — anchor logic head-to-head > snapshot + ratio 1`] = `
{
  "cm": {
    "branches": 62,
    "effectiveLoc": 78,
    "rawLoc": 130,
  },
  "pmReplaced": {
    "branches": 197,
    "effectiveLoc": 427,
    "rawLoc": 724,
  },
}
`;

exports[`static metrics — (A) anchor/mapping/materialisation layer > snapshot of per-file + total metrics (PM control) 1`] = `
{
  "perFile": [
    {
      "branches": 51,
      "effectiveLoc": 108,
      "file": "anchorSearch.ts",
      "rawLoc": 173,
    },
    {
      "branches": 91,
      "effectiveLoc": 200,
      "file": "markReconcile.ts",
      "rawLoc": 344,
    },
    {
      "branches": 14,
      "effectiveLoc": 42,
      "file": "markStamp.ts",
      "rawLoc": 80,
    },
    {
      "branches": 157,
      "effectiveLoc": 576,
      "file": "inlineReviewPlugin.ts",
      "rawLoc": 889,
    },
    {
      "branches": 41,
      "effectiveLoc": 77,
      "file": "pendingTargets.ts",
      "rawLoc": 127,
    },
  ],
  "total": {
    "branches": 354,
    "effectiveLoc": 1003,
    "rawLoc": 1613,
  },
}
`;
